
Charts
============
a/0
=================
a                              := true

b/0
=================
b                              := true

c/0
=================
c                              := true

